Microchip MPLAB XC8 PIC(R) Assembler V2.41

Linker command line:

-W-3 \
  --edf=/home/richo/.mchp_packs/Microchip/PIC16Fxxx_DFP/1.4.149/xc8/pic/dat/20230322214319_en.msgs \
  -cs -h+dist/default/debug/IndexedJump_01.X.debug.sym \
  --cmf=dist/default/debug/IndexedJump_01.X.debug.cmf -z -Q16F628A \
  -o/tmp/xcXgDpIMJ/driver_tmp_3.o --fixupoverflow=error \
  -ver=XC8 PIC(R) Assembler --fixupoverflow=lstwarn \
  -Mdist/default/debug/IndexedJump_01.X.debug.map -E1 --acfsm=1493 \
  -ACODE=00h-07FFh -ASTRCODE=00h-07FFh -ASTRING=00h-0FFhx8 \
  -ACONST=00h-0FFhx8 -AENTRY=00h-0FFhx8 -ACOMMON=070h-07Fh \
  -ABANK0=020h-06Fh -ABANK1=0A0h-0EFh -ABANK2=0120h-014Fh \
  -ARAM=020h-06Fh,0A0h-0EFh,0120h-014Fh \
  -AABS1=020h-07Fh,0A0h-0EFh,0120h-014Fh -ASFR0=00h-01Fh -ASFR1=080h-09Fh \
  -ASFR2=0100h-011Fh -ASFR3=0180h-01EFh -ACONFIG=02007h-02007h -DCONFIG=2 \
  -AIDLOC=02000h-02003h -DIDLOC=2 -AEEDATA=00h-07Fh/02100h -DEEDATA=2 \
  -DCODE=2 -DSTRCODE=2 -DSTRING=2 -DCONST=2 -DENTRY=2 \
  build/default/debug/IndexedJump_01.o 

Object code version is 3.11

Machine type is 16F628A



                Name                               Link     Load   Length Selector   Space Scale
build/default/debug/IndexedJump_01.o
                barfunc                             7FE      7FE        2      FFC       0

TOTAL           Name                               Link     Load   Length     Space
        CLASS   CODE           
                barfunc                             7FE      7FE        2         0

        CLASS   STRCODE        

        CLASS   STRING         

        CLASS   CONST          

        CLASS   ENTRY          

        CLASS   COMMON         

        CLASS   BANK0          

        CLASS   BANK1          

        CLASS   BANK2          

        CLASS   RAM            

        CLASS   ABS1           

        CLASS   SFR0           

        CLASS   SFR1           

        CLASS   SFR2           

        CLASS   SFR3           

        CLASS   CONFIG         

        CLASS   IDLOC          

        CLASS   EEDATA         



SEGMENTS        Name                           Load    Length   Top    Selector   Space  Class     Delta

                barfunc                        0007FE  000002  000800       FFC       0  CODE        2


UNUSED ADDRESS RANGES

        Name                Unused          Largest block    Delta
        BANK0            020-06F            50           1
        BANK1            0A0-0EF            50           1
        BANK2            120-14F            30           1
        CODE             000-7FD           7FE           2
        COMMON           070-07F            10           1
        CONFIG           2007-2007             1           2
        CONST            000-7FD           100           2
        EEDATA           2100-217F            80           2
        ENTRY            000-7FD           100           2
        IDLOC            2000-2003             4           2
        RAM              020-06F            50           1
                         0A0-0EF            50
                         120-14F            30
        SFR0             000-01F            20           1
        SFR1             080-09F            20           1
        SFR2             100-11F            20           1
        SFR3             180-1EF            70           1
        STRCODE          000-7FD           7FE           2
        STRING           000-7FD           100           2

                                  Symbol Table

__H__absolute__ __absolute__ 000  __Hcode         code         000
__Hdata         data         000  __Hedata        edata        000
__Hspace_0      (abs)        800  __Hspace_1      (abs)        000
__Hspace_3      (abs)        000  __Hudata        udata        000
__Hudata_bank0  udata_bank0  000  __Hudata_bank1  udata_bank1  000
__Hudata_bank2  udata_bank2  000  __Hudata_shr    udata_shr    000
__L__absolute__ __absolute__ 000  __Lcode         code         000
__Ldata         data         000  __Ledata        edata        000
__Lspace_0      (abs)        000  __Lspace_1      (abs)        000
__Lspace_3      (abs)        000  __Ludata        udata        000
__Ludata_bank0  udata_bank0  000  __Ludata_bank1  udata_bank1  000
__Ludata_bank2  udata_bank2  000  __Ludata_shr    udata_shr    000
__S0            (abs)        800  __S1            (abs)        000
__S3            (abs)        000  _bar            barfunc      7FE
